<html>
<body>
<pre>
<h1>µVision Build Log</h1>
<h2>Tool Versions:</h2>
IDE-Version: ¦ÌVision V5.37.0.0
Copyright (C) 2022 ARM Ltd and ARM Germany GmbH. All rights reserved.
License Information: 1 wangshuhai1995@hotmail.com, 1, LIC=WHYH9-4L3DH-DYYV3-ADQNI-TK5DR-8TBX7
 
Tool Versions:
Toolchain:       MDK-ARM Plus  Version: 5.37.0.0
Toolchain Path:  C:\Keil_v5\ARM\ARMCLANG\Bin
C Compiler:      ArmClang.exe V6.18
Assembler:       Armasm.exe V6.18
Linker/Locator:  ArmLink.exe V6.18
Library Manager: ArmAr.exe V6.18
Hex Converter:   FromElf.exe V6.18
CPU DLL:         SARMCM3.DLL V5.37.0.0
Dialog DLL:      DCM.DLL V1.17.5.0
Target DLL:      Segger\JL2CM3.dll V2.99.42.0
Dialog DLL:      TCM.DLL V1.56.1.0
 
<h2>Project:</h2>
C:\ST\F429_WorkStation\F429_WorkStation\Project\Project.uvprojx
Project File Date:  02/02/2023

<h2>Output:</h2>
*** Using Compiler 'V6.18', folder: 'C:\Keil_v5\ARM\ARMCLANG\Bin'
Build target 'WorkStation'
Note: source file '..\Middlewares\pjproject\pjlib\src\pj\list.c' - object file renamed from '.\Objects\list.o' to '.\Objects\list_1.o'.
Note: source file '..\Middlewares\pjproject\pjlib-util\src\pjlib-util\base64.c' - object file renamed from '.\Objects\base64.o' to '.\Objects\base64_1.o'.
Note: source file '..\Middlewares\pjproject\pjlib-util\src\pjlib-util\errno.c' - object file renamed from '.\Objects\errno.o' to '.\Objects\errno_1.o'.
Note: source file '..\Middlewares\pjproject\pjlib-util\src\pjlib-util\md5.c' - object file renamed from '.\Objects\md5.o' to '.\Objects\md5_1.o'.
Note: source file '..\Middlewares\pjproject\pjlib-util\src\pjlib-util\sha1.c' - object file renamed from '.\Objects\sha1.o' to '.\Objects\sha1_1.o'.
Note: source file '..\Middlewares\pjproject\pjlib-util\src\pjlib-util\string.c' - object file renamed from '.\Objects\string.o' to '.\Objects\string_1.o'.
Note: source file '..\Middlewares\pjproject\pjlib-util\src\pjlib-util\symbols.c' - object file renamed from '.\Objects\symbols.o' to '.\Objects\symbols_1.o'.
Note: source file '..\Middlewares\pjproject\pjmedia\src\pjmedia\errno.c' - object file renamed from '.\Objects\errno.o' to '.\Objects\errno_2.o'.
Note: source file '..\Middlewares\pjproject\pjmedia\src\pjmedia\port.c' - object file renamed from '.\Objects\port.o' to '.\Objects\port_1.o'.
Note: source file '..\Middlewares\pjproject\pjmedia\src\pjmedia\types.c' - object file renamed from '.\Objects\types.o' to '.\Objects\types_1.o'.
Note: source file '..\Middlewares\pjproject\pjmedia\src\pjmedia-audiodev\audiodev.c' - object file renamed from '.\Objects\audiodev.o' to '.\Objects\audiodev_1.o'.
Note: source file '..\Middlewares\pjproject\pjmedia\src\pjmedia-audiodev\errno.c' - object file renamed from '.\Objects\errno.o' to '.\Objects\errno_3.o'.
Note: source file '..\Middlewares\pjproject\pjnath\src\pjnath\errno.c' - object file renamed from '.\Objects\errno.o' to '.\Objects\errno_4.o'.
Note: source file '..\Middlewares\pjproject\pjsip\src\pjsip-simple\errno.c' - object file renamed from '.\Objects\errno.o' to '.\Objects\errno_5.o'.
compiling except.c...
compiling ctype.c...
compiling array.c...
../UserApplication/UserMainEntry/task_main.c(233): warning: implicit declaration of function 'pthread_key_init' is invalid in C99 [-Wimplicit-function-declaration]
        pthread_key_init();
        ^
1 warning generated.
compiling task_main.c...
compiling activesock.c...
../Middlewares/pjproject/pjlib/src/pj/addr_resolv_sock.c(62): warning: incompatible pointer types assigning to 'char **' from 'void **' [-Wincompatible-pointer-types]
                phe->h_addr_list = &hostip;
                                 ^ ~~~~~~~
1 warning generated.
compiling addr_resolv_sock.c...
compiling config.c...
compiling errno.c...
compiling fifobuf.c...
compiling file_access_unistd.c...
compiling guid_simple.c...
compiling file_io_ansi.c...
compiling guid.c...
compiling hash.c...
compiling ip_helper_generic.c...
compiling ioqueue_select.c...
compiling list.c...
compiling log.c...
compiling log_writer_stdout.c...
compiling os_error_unix.c...
compiling lock.c...
compiling os_info.c...
compiling os_time_common.c...
../Middlewares/pjproject/pjlib/src/pj/os_core_unix.c(1184): warning: incompatible integer to pointer conversion passing 'long' to parameter of type 'pthread_key_t' (aka 'void *') [-Wint-conversion]
    pthread_key_delete(index);
                       ^~~~~
../Middlewares/FreeRTOS_POSIX/include/FreeRTOS_POSIX\pthread.h(533): note: passing argument to parameter 'key' here
int pthread_key_delete(pthread_key_t key);
                                     ^
../Middlewares/pjproject/pjlib/src/pj/os_core_unix.c(1199): warning: incompatible integer to pointer conversion passing 'long' to parameter of type 'pthread_key_t' (aka 'void *') [-Wint-conversion]
    int rc=pthread_setspecific(index, value);
                               ^~~~~
../Middlewares/FreeRTOS_POSIX/include/FreeRTOS_POSIX\pthread.h(534): note: passing argument to parameter 'key' here
int pthread_setspecific(pthread_key_t key, const void *value);
                                      ^
../Middlewares/pjproject/pjlib/src/pj/os_core_unix.c(1214): warning: incompatible integer to pointer conversion passing 'long' to parameter of type 'pthread_key_t' (aka 'void *') [-Wint-conversion]
    return pthread_getspecific(index);
                               ^~~~~
../Middlewares/FreeRTOS_POSIX/include/FreeRTOS_POSIX\pthread.h(535): note: passing argument to parameter 'key' here
void *pthread_getspecific(pthread_key_t key);
                                        ^
3 warnings generated.
compiling os_core_unix.c...
compiling os_time_unix.c...
compiling os_timestamp_common.c...
compiling os_timestamp_posix.c...
compiling pool_caching.c...
compiling pool.c...
compiling pool_buf.c...
compiling pool_dbg.c...
compiling pool_policy_malloc.c...
compiling rand.c...
compiling rbtree.c...
compiling ssl_sock_common.c...
../Middlewares/pjproject/pjlib/src/pj/sock_bsd.c(243): warning: returning 'const char_t *' (aka 'const char *') from a function with result type 'char *' discards qualifiers [-Wincompatible-pointer-types-discards-qualifiers]
    return inet_ntoa(addr);
           ^~~~~~~~~~~~~~~
1 warning generated.
compiling sock_bsd.c...
compiling sock_qos_common.c...
compiling sock_select.c...
compiling sock_common.c...
compiling sock_qos_bsd.c...
compiling ssl_sock_dump.c...
compiling ssl_sock_ossl.c...
compiling string.c...
compiling types.c...
compiling symbols.c...
compiling timer.c...
compiling base64.c...
compiling cli.c...
compiling cli_console.c...
compiling cli_telnet.c...
compiling crc32.c...
compiling dns_dump.c...
compiling errno.c...
compiling hmac_md5.c...
compiling getopt.c...
compiling dns_server.c...
compiling dns.c...
compiling hmac_sha1.c...
compiling http_client.c...
compiling md5.c...
compiling pcap.c...
compiling json.c...
compiling string.c...
compiling stun_simple.c...
compiling scanner.c...
compiling resolver.c...
compiling sha1.c...
compiling srv_resolver.c...
compiling stun_simple_client.c...
compiling symbols.c...
compiling alaw_ulaw.c...
compiling avi_player.c...
compiling alaw_ulaw_table.c...
compiling xml.c...
compiling clock_thread.c...
compiling bidirectional.c...
compiling audiodev.c...
compiling conf_switch.c...
compiling codec.c...
compiling converter.c...
compiling dummy.c...
compiling echo_common.c...
compiling delaybuf.c...
compiling converter_libswscale.c...
compiling echo_port.c...
compiling converter_libyuv.c...
compiling conference.c...
compiling echo_suppress.c...
compiling echo_webrtc.c...
compiling errno.c...
compiling ffmpeg_util.c...
compiling format.c...
compiling event.c...
compiling endpoint.c...
compiling g711.c...
compiling port.c...
compiling jbuf.c...
compiling master_port.c...
compiling mem_player.c...
compiling mem_capture.c...
compiling resample_libsamplerate.c...
compiling null_port.c...
compiling plc_common.c...
compiling resample_speex.c...
compiling resample_port.c...
compiling rtp.c...
compiling rtcp_xr.c...
compiling rtcp.c...
compiling sdp_cmp.c...
compiling rtcp_fb.c...
compiling sdp.c...
compiling session.c...
compiling splitcomb.c...
compiling sound_legacy.c...
compiling silencedet.c...
compiling sdp_neg.c...
compiling sound_port.c...
compiling stereo_port.c...
compiling stream_common.c...
compiling stream.c...
compiling transport_adapter_sample.c...
compiling stream_info.c...
compiling transport_loop.c...
compiling tonegen.c...
compiling types.c...
compiling transport_udp.c...
compiling wave.c...
compiling transport_ice.c...
compiling wav_player.c...
compiling wav_writer.c...
compiling wav_playlist.c...
compiling echo_speex.c...
compiling resample_resample.c...
compiling audiodev.c...
compiling wsola.c...
compiling audiotest.c...
compiling errno.c...
compiling null_dev.c...
compiling stm_dev.c...
compiling amr_sdp_match.c...
compiling audio_codecs.c...
compiling bcg729.c...
compiling g7221.c...
compiling g722.c...
compiling g7221_sdp_match.c...
compiling gsm.c...
compiling opus.c...
compiling opencore_amr.c...
compiling ilbc.c...
compiling l16.c...
compiling passthrough.c...
compiling silk.c...
compiling vpx.c...
compiling speex_codec.c...
compiling vpx_packetizer.c...
compiling errno.c...
compiling g722_dec.c...
compiling g722_enc.c...
compiling nat_detect.c...
compiling stun_auth.c...
../Middlewares/pjproject/pjnath/src/pjnath/ice_strans.c(671): warning: braces around scalar initializer [-Wbraced-scalar-init]
                    pj_in6_addr in6addr = {{{0}}};
                                            ^~~
1 warning generated.
compiling ice_strans.c...
compiling ice_session.c...
compiling stun_msg_dump.c...
compiling stun_sock.c...
compiling stun_transaction.c...
compiling stun_session.c...
compiling stun_msg.c...
compiling turn_session.c...
compiling turn_sock.c...
compiling auth.c...
compiling allocation.c...
compiling listener_tcp.c...
compiling sip_auth_aka.c...
compiling listener_udp.c...
compiling server.c...
compiling sip_auth_client.c...
compiling sip_auth_parser.c...
compiling sip_config.c...
compiling sip_auth_msg.c...
compiling sip_auth_server.c...
compiling sip_errno.c...
compiling sip_endpoint.c...
compiling sip_dialog.c...
compiling sip_multipart.c...
compiling sip_resolve.c...
compiling sip_tel_uri.c...
compiling sip_msg.c...
compiling sip_parser.c...
compiling sip_transport_loop.c...
compiling sip_transaction.c...
compiling sip_transport_tls.c...
compiling sip_transport.c...
compiling sip_transport_udp.c...
compiling sip_transport_tcp.c...
compiling sip_ua_layer.c...
compiling sip_uri.c...
compiling sip_util_proxy.c...
compiling errno.c...
compiling sip_util_statefull.c...
compiling sip_util.c...
compiling evsub.c...
compiling evsub_msg.c...
compiling iscomposing.c...
compiling mwi.c...
compiling rpid.c...
compiling pidf.c...
compiling presence_body.c...
compiling xpidf.c...
compiling presence.c...
compiling publishc.c...
compiling sip_100rel.c...
compiling sip_replaces.c...
compiling sip_reg.c...
compiling sip_xfer.c...
compiling sip_timer.c...
compiling sip_inv.c...
compiling pjsua_aud.c...
compiling pjsua_acc.c...
compiling pjsua_dump.c...
compiling pjsua_im.c...
compiling pjsua_core.c...
compiling pjsua_call.c...
compiling pjsua_vid.c...
compiling pjsua_pres.c...
../Middlewares/pjproject/third_party/g7221/encode/dct4_a.c(29): warning: In file included from...
../Middlewares/pjproject/third_party/g7221/common\defs.h(31): warning: 'MAX' macro redefined [-Wmacro-redefined]
#define MAX(a,b) (a > b ? a : b)
        ^
../Middlewares/CycloneTCP_SSL_SSH_CRYPTO_Open_2_1_4/common/os_port.h(66): note: previous definition is here
   #define MAX(a, b) ((a) > (b) ? (a) : (b))
           ^
../Middlewares/pjproject/third_party/g7221/encode/dct4_a.c(29): warning: In file included from...
../Middlewares/pjproject/third_party/g7221/common\defs.h(32): warning: 'MIN' macro redefined [-Wmacro-redefined]
#define MIN(a,b) (a < b ? a : b)
        ^
../Middlewares/CycloneTCP_SSL_SSH_CRYPTO_Open_2_1_4/common/os_port.h(62): note: previous definition is here
   #define MIN(a, b) ((a) < (b) ? (a) : (b))
           ^
2 warnings generated.
compiling dct4_a.c...
../Middlewares/pjproject/third_party/g7221/encode/sam2coef.c(32): warning: In file included from...
../Middlewares/pjproject/third_party/g7221/common\defs.h(31): warning: 'MAX' macro redefined [-Wmacro-redefined]
#define MAX(a,b) (a > b ? a : b)
        ^
../Middlewares/CycloneTCP_SSL_SSH_CRYPTO_Open_2_1_4/common/os_port.h(66): note: previous definition is here
   #define MAX(a, b) ((a) > (b) ? (a) : (b))
           ^
../Middlewares/pjproject/third_party/g7221/encode/sam2coef.c(32): warning: In file included from...
../Middlewares/pjproject/third_party/g7221/common\defs.h(32): warning: 'MIN' macro redefined [-Wmacro-redefined]
#define MIN(a,b) (a < b ? a : b)
        ^
../Middlewares/CycloneTCP_SSL_SSH_CRYPTO_Open_2_1_4/common/os_port.h(62): note: previous definition is here
   #define MIN(a, b) ((a) < (b) ? (a) : (b))
           ^
2 warnings generated.
compiling sam2coef.c...
compiling pjsua_media.c...
../Middlewares/pjproject/third_party/g7221/encode/encoder.c(28): warning: In file included from...
../Middlewares/pjproject/third_party/g7221/common\defs.h(31): warning: 'MAX' macro redefined [-Wmacro-redefined]
#define MAX(a,b) (a > b ? a : b)
        ^
../Middlewares/CycloneTCP_SSL_SSH_CRYPTO_Open_2_1_4/common/os_port.h(66): note: previous definition is here
   #define MAX(a, b) ((a) > (b) ? (a) : (b))
           ^
../Middlewares/pjproject/third_party/g7221/encode/encoder.c(28): warning: In file included from...
../Middlewares/pjproject/third_party/g7221/common\defs.h(32): warning: 'MIN' macro redefined [-Wmacro-redefined]
#define MIN(a,b) (a < b ? a : b)
        ^
../Middlewares/CycloneTCP_SSL_SSH_CRYPTO_Open_2_1_4/common/os_port.h(62): note: previous definition is here
   #define MIN(a, b) ((a) < (b) ? (a) : (b))
           ^
2 warnings generated.
compiling encoder.c...
../Middlewares/pjproject/third_party/g7221/decode/coef2sam.c(32): warning: In file included from...
../Middlewares/pjproject/third_party/g7221/common\defs.h(31): warning: 'MAX' macro redefined [-Wmacro-redefined]
#define MAX(a,b) (a > b ? a : b)
        ^
../Middlewares/CycloneTCP_SSL_SSH_CRYPTO_Open_2_1_4/common/os_port.h(66): note: previous definition is here
   #define MAX(a, b) ((a) > (b) ? (a) : (b))
           ^
../Middlewares/pjproject/third_party/g7221/decode/coef2sam.c(32): warning: In file included from...
../Middlewares/pjproject/third_party/g7221/common\defs.h(32): warning: 'MIN' macro redefined [-Wmacro-redefined]
#define MIN(a,b) (a < b ? a : b)
        ^
../Middlewares/CycloneTCP_SSL_SSH_CRYPTO_Open_2_1_4/common/os_port.h(62): note: previous definition is here
   #define MIN(a, b) ((a) < (b) ? (a) : (b))
           ^
2 warnings generated.
compiling coef2sam.c...
../Middlewares/pjproject/third_party/g7221/decode/dct4_s.c(30): warning: In file included from...
../Middlewares/pjproject/third_party/g7221/common\defs.h(31): warning: 'MAX' macro redefined [-Wmacro-redefined]
#define MAX(a,b) (a > b ? a : b)
        ^
../Middlewares/CycloneTCP_SSL_SSH_CRYPTO_Open_2_1_4/common/os_port.h(66): note: previous definition is here
   #define MAX(a, b) ((a) > (b) ? (a) : (b))
           ^
../Middlewares/pjproject/third_party/g7221/decode/dct4_s.c(30): warning: In file included from...
../Middlewares/pjproject/third_party/g7221/common\defs.h(32): warning: 'MIN' macro redefined [-Wmacro-redefined]
#define MIN(a,b) (a < b ? a : b)
        ^
../Middlewares/CycloneTCP_SSL_SSH_CRYPTO_Open_2_1_4/common/os_port.h(62): note: previous definition is here
   #define MIN(a, b) ((a) < (b) ? (a) : (b))
           ^
2 warnings generated.
compiling dct4_s.c...
compiling basic_op.c...
../Middlewares/pjproject/third_party/g7221/common/tables.c(25): warning: In file included from...
../Middlewares/pjproject/third_party/g7221/common/defs.h(31): warning: 'MAX' macro redefined [-Wmacro-redefined]
#define MAX(a,b) (a > b ? a : b)
        ^
../Middlewares/CycloneTCP_SSL_SSH_CRYPTO_Open_2_1_4/common/os_port.h(66): note: previous definition is here
   #define MAX(a, b) ((a) > (b) ? (a) : (b))
           ^
../Middlewares/pjproject/third_party/g7221/common/tables.c(25): warning: In file included from...
../Middlewares/pjproject/third_party/g7221/common/defs.h(32): warning: 'MIN' macro redefined [-Wmacro-redefined]
#define MIN(a,b) (a < b ? a : b)
        ^
../Middlewares/CycloneTCP_SSL_SSH_CRYPTO_Open_2_1_4/common/os_port.h(62): note: previous definition is here
   #define MIN(a, b) ((a) < (b) ? (a) : (b))
           ^
2 warnings generated.
compiling tables.c...
../Middlewares/pjproject/third_party/g7221/decode/decoder.c(25): warning: In file included from...
../Middlewares/pjproject/third_party/g7221/common\defs.h(31): warning: 'MAX' macro redefined [-Wmacro-redefined]
#define MAX(a,b) (a > b ? a : b)
        ^
../Middlewares/CycloneTCP_SSL_SSH_CRYPTO_Open_2_1_4/common/os_port.h(66): note: previous definition is here
   #define MAX(a, b) ((a) > (b) ? (a) : (b))
           ^
../Middlewares/pjproject/third_party/g7221/decode/decoder.c(25): warning: In file included from...
../Middlewares/pjproject/third_party/g7221/common\defs.h(32): warning: 'MIN' macro redefined [-Wmacro-redefined]
#define MIN(a,b) (a < b ? a : b)
        ^
../Middlewares/CycloneTCP_SSL_SSH_CRYPTO_Open_2_1_4/common/os_port.h(62): note: previous definition is here
   #define MIN(a, b) ((a) < (b) ? (a) : (b))
           ^
2 warnings generated.
compiling decoder.c...
../Middlewares/pjproject/third_party/g7221/common/common.c(24): warning: In file included from...
../Middlewares/pjproject/third_party/g7221/common/defs.h(31): warning: 'MAX' macro redefined [-Wmacro-redefined]
#define MAX(a,b) (a > b ? a : b)
        ^
../Middlewares/CycloneTCP_SSL_SSH_CRYPTO_Open_2_1_4/common/os_port.h(66): note: previous definition is here
   #define MAX(a, b) ((a) > (b) ? (a) : (b))
           ^
../Middlewares/pjproject/third_party/g7221/common/common.c(24): warning: In file included from...
../Middlewares/pjproject/third_party/g7221/common/defs.h(32): warning: 'MIN' macro redefined [-Wmacro-redefined]
#define MIN(a,b) (a < b ? a : b)
        ^
../Middlewares/CycloneTCP_SSL_SSH_CRYPTO_Open_2_1_4/common/os_port.h(62): note: previous definition is here
   #define MIN(a, b) ((a) < (b) ? (a) : (b))
           ^
2 warnings generated.
compiling common.c...
../Middlewares/pjproject/third_party/g7221/common/huff_tab.c(12): warning: In file included from...
../Middlewares/pjproject/third_party/g7221/common/defs.h(31): warning: 'MAX' macro redefined [-Wmacro-redefined]
#define MAX(a,b) (a > b ? a : b)
        ^
../Middlewares/CycloneTCP_SSL_SSH_CRYPTO_Open_2_1_4/common/os_port.h(66): note: previous definition is here
   #define MAX(a, b) ((a) > (b) ? (a) : (b))
           ^
../Middlewares/pjproject/third_party/g7221/common/huff_tab.c(12): warning: In file included from...
../Middlewares/pjproject/third_party/g7221/common/defs.h(32): warning: 'MIN' macro redefined [-Wmacro-redefined]
#define MIN(a,b) (a < b ? a : b)
        ^
../Middlewares/CycloneTCP_SSL_SSH_CRYPTO_Open_2_1_4/common/os_port.h(62): note: previous definition is here
   #define MIN(a, b) ((a) < (b) ? (a) : (b))
           ^
2 warnings generated.
compiling huff_tab.c...
compiling bits.c...
compiling buffer.c...
compiling fftwrap.c...
compiling filterbank.c...
compiling jitter.c...
compiling lpc.c...
compiling kiss_fftr.c...
compiling kiss_fft.c...
compiling cb_search.c...
compiling lsp.c...
compiling filters.c...
compiling modes.c...
compiling modes_wb.c...
compiling scal.c...
compiling quant_lsp.c...
compiling resample.c...
compiling ltp.c...
compiling preprocess.c...
../Middlewares/pjproject/third_party/speex/libspeex/mdf.c(75): warning: In file included from...
../Middlewares/pjproject/third_party/speex/libspeex/pseudofloat.h(63): warning: 'MIN' macro redefined [-Wmacro-redefined]
#define MIN(a,b) ((a)<(b)?(a):(b))
        ^
../Middlewares/CycloneTCP_SSL_SSH_CRYPTO_Open_2_1_4/common/os_port.h(62): note: previous definition is here
   #define MIN(a, b) ((a) < (b) ? (a) : (b))
           ^
1 warning generated.
compiling mdf.c...
compiling speex.c...
compiling nb_celp.c...
compiling speex_header.c...
compiling sb_celp.c...
compiling speex_callbacks.c...
compiling stereo.c...
compiling vorbis_psy.c...
compiling vbr.c...
compiling window.c...
compiling vq.c...
compiling smallft.c...
linking...
.\Objects\Project.sct(16): warning: L6314W: No section matches pattern activesock.o(ZI).
.\Objects\Project.sct(16): warning: L6314W: No section matches pattern activesock.o(RW).
.\Objects\Project.sct(18): warning: L6314W: No section matches pattern array.o(ZI).
.\Objects\Project.sct(18): warning: L6314W: No section matches pattern array.o(RW).
.\Objects\Project.sct(20): warning: L6329W: Pattern ctype.o(ZI) only matches removed unused sections.
.\Objects\Project.sct(20): warning: L6314W: No section matches pattern ctype.o(RW).
.\Objects\Project.sct(23): warning: L6314W: No section matches pattern fifobuf.o(ZI).
.\Objects\Project.sct(23): warning: L6314W: No section matches pattern fifobuf.o(RW).
.\Objects\Project.sct(24): warning: L6314W: No section matches pattern file_access_unistd.o(ZI).
.\Objects\Project.sct(24): warning: L6314W: No section matches pattern file_access_unistd.o(RW).
.\Objects\Project.sct(25): warning: L6314W: No section matches pattern file_io_ansi.o(ZI).
.\Objects\Project.sct(25): warning: L6314W: No section matches pattern file_io_ansi.o(RW).
.\Objects\Project.sct(26): warning: L6314W: No section matches pattern guid.o(ZI).
.\Objects\Project.sct(26): warning: L6314W: No section matches pattern guid.o(RW).
.\Objects\Project.sct(28): warning: L6314W: No section matches pattern hash.o(ZI).
.\Objects\Project.sct(28): warning: L6314W: No section matches pattern hash.o(RW).
.\Objects\Project.sct(29): warning: L6314W: No section matches pattern ioqueue_select.o(ZI).
.\Objects\Project.sct(29): warning: L6314W: No section matches pattern ioqueue_select.o(RW).
.\Objects\Project.sct(30): warning: L6314W: No section matches pattern ip_helper_generic.o(ZI).
.\Objects\Project.sct(30): warning: L6314W: No section matches pattern ip_helper_generic.o(RW).
.\Objects\Project.sct(31): warning: L6314W: No section matches pattern list_1.o(ZI).
.\Objects\Project.sct(31): warning: L6314W: No section matches pattern list_1.o(RW).
.\Objects\Project.sct(34): warning: L6314W: No section matches pattern log_writer_stdout.o(ZI).
.\Objects\Project.sct(34): warning: L6314W: No section matches pattern log_writer_stdout.o(RW).
.\Objects\Project.sct(36): warning: L6314W: No section matches pattern os_error_unix.o(ZI).
.\Objects\Project.sct(36): warning: L6314W: No section matches pattern os_error_unix.o(RW).
.\Objects\Project.sct(38): warning: L6314W: No section matches pattern os_time_common.o(ZI).
.\Objects\Project.sct(38): warning: L6314W: No section matches pattern os_time_common.o(RW).
.\Objects\Project.sct(39): warning: L6314W: No section matches pattern os_time_unix.o(ZI).
.\Objects\Project.sct(39): warning: L6314W: No section matches pattern os_time_unix.o(RW).
.\Objects\Project.sct(40): warning: L6314W: No section matches pattern os_timestamp_common.o(ZI).
.\Objects\Project.sct(40): warning: L6314W: No section matches pattern os_timestamp_common.o(RW).
.\Objects\Project.sct(41): warning: L6314W: No section matches pattern os_timestamp_posix.o(ZI).
.\Objects\Project.sct(41): warning: L6314W: No section matches pattern os_timestamp_posix.o(RW).
.\Objects\Project.sct(45): warning: L6314W: No section matches pattern pool_dbg.o(ZI).
.\Objects\Project.sct(45): warning: L6314W: No section matches pattern pool_dbg.o(RW).
.\Objects\Project.sct(48): warning: L6314W: No section matches pattern rbtree.o(ZI).
.\Objects\Project.sct(48): warning: L6314W: No section matches pattern rbtree.o(RW).
.\Objects\Project.sct(50): warning: L6314W: No section matches pattern sock_common.o(ZI).
.\Objects\Project.sct(50): warning: L6314W: No section matches pattern sock_common.o(RW).
.\Objects\Project.sct(51): warning: L6314W: No section matches pattern sock_qos_bsd.o(ZI).
.\Objects\Project.sct(51): warning: L6314W: No section matches pattern sock_qos_bsd.o(RW).
.\Objects\Project.sct(52): warning: L6314W: No section matches pattern sock_qos_common.o(ZI).
.\Objects\Project.sct(52): warning: L6314W: No section matches pattern sock_qos_common.o(RW).
.\Objects\Project.sct(53): warning: L6314W: No section matches pattern sock_select.o(ZI).
.\Objects\Project.sct(53): warning: L6314W: No section matches pattern sock_select.o(RW).
.\Objects\Project.sct(54): warning: L6314W: No section matches pattern ssl_sock_common.o(ZI).
.\Objects\Project.sct(54): warning: L6314W: No section matches pattern ssl_sock_common.o(RW).
.\Objects\Project.sct(55): warning: L6314W: No section matches pattern ssl_sock_dump.o(ZI).
.\Objects\Project.sct(55): warning: L6314W: No section matches pattern ssl_sock_dump.o(RW).
.\Objects\Project.sct(56): warning: L6314W: No section matches pattern ssl_sock_ossl.o(ZI).
.\Objects\Project.sct(56): warning: L6314W: No section matches pattern ssl_sock_ossl.o(RW).
.\Objects\Project.sct(57): warning: L6314W: No section matches pattern string.o(ZI).
.\Objects\Project.sct(57): warning: L6314W: No section matches pattern string.o(RW).
.\Objects\Project.sct(58): warning: L6314W: No section matches pattern symbols.o(ZI).
.\Objects\Project.sct(58): warning: L6314W: No section matches pattern symbols.o(RW).
.\Objects\Project.sct(59): warning: L6314W: No section matches pattern timer.o(ZI).
.\Objects\Project.sct(59): warning: L6314W: No section matches pattern timer.o(RW).
.\Objects\Project.sct(60): warning: L6314W: No section matches pattern types.o(ZI).
.\Objects\Project.sct(60): warning: L6314W: No section matches pattern types.o(RW).
.\Objects\Project.sct(61): warning: L6314W: No section matches pattern base64_1.o(ZI).
.\Objects\Project.sct(61): warning: L6314W: No section matches pattern base64_1.o(RW).
.\Objects\Project.sct(62): warning: L6314W: No section matches pattern cli.o(ZI).
.\Objects\Project.sct(62): warning: L6329W: Pattern cli.o(RW) only matches removed unused sections.
.\Objects\Project.sct(63): warning: L6314W: No section matches pattern cli_console.o(ZI).
.\Objects\Project.sct(63): warning: L6314W: No section matches pattern cli_console.o(RW).
.\Objects\Project.sct(64): warning: L6314W: No section matches pattern cli_telnet.o(ZI).
.\Objects\Project.sct(64): warning: L6314W: No section matches pattern cli_telnet.o(RW).
.\Objects\Project.sct(65): warning: L6314W: No section matches pattern crc32.o(ZI).
.\Objects\Project.sct(65): warning: L6314W: No section matches pattern crc32.o(RW).
.\Objects\Project.sct(66): warning: L6314W: No section matches pattern dns.o(ZI).
.\Objects\Project.sct(66): warning: L6314W: No section matches pattern dns.o(RW).
.\Objects\Project.sct(67): warning: L6314W: No section matches pattern dns_dump.o(ZI).
.\Objects\Project.sct(67): warning: L6314W: No section matches pattern dns_dump.o(RW).
.\Objects\Project.sct(68): warning: L6314W: No section matches pattern dns_server.o(ZI).
.\Objects\Project.sct(68): warning: L6314W: No section matches pattern dns_server.o(RW).
.\Objects\Project.sct(69): warning: L6314W: No section matches pattern errno_1.o(ZI).
.\Objects\Project.sct(69): warning: L6314W: No section matches pattern errno_1.o(RW).
.\Objects\Project.sct(70): warning: L6329W: Pattern getopt.o(ZI) only matches removed unused sections.
.\Objects\Project.sct(70): warning: L6329W: Pattern getopt.o(RW) only matches removed unused sections.
.\Objects\Project.sct(71): warning: L6314W: No section matches pattern hmac_md5.o(ZI).
.\Objects\Project.sct(71): warning: L6314W: No section matches pattern hmac_md5.o(RW).
.\Objects\Project.sct(72): warning: L6314W: No section matches pattern hmac_sha1.o(ZI).
.\Objects\Project.sct(72): warning: L6314W: No section matches pattern hmac_sha1.o(RW).
.\Objects\Project.sct(73): warning: L6314W: No section matches pattern http_client.o(ZI).
.\Objects\Project.sct(73): warning: L6314W: No section matches pattern http_client.o(RW).
.\Objects\Project.sct(74): warning: L6314W: No section matches pattern json.o(ZI).
.\Objects\Project.sct(74): warning: L6314W: No section matches pattern json.o(RW).
.\Objects\Project.sct(75): warning: L6314W: No section matches pattern md5_1.o(ZI).
.\Objects\Project.sct(75): warning: L6314W: No section matches pattern md5_1.o(RW).
.\Objects\Project.sct(76): warning: L6314W: No section matches pattern pcap.o(ZI).
.\Objects\Project.sct(76): warning: L6314W: No section matches pattern pcap.o(RW).
.\Objects\Project.sct(77): warning: L6314W: No section matches pattern resolver.o(ZI).
.\Objects\Project.sct(77): warning: L6314W: No section matches pattern resolver.o(RW).
.\Objects\Project.sct(78): warning: L6314W: No section matches pattern scanner.o(ZI).
.\Objects\Project.sct(78): warning: L6314W: No section matches pattern scanner.o(RW).
.\Objects\Project.sct(79): warning: L6314W: No section matches pattern sha1_1.o(ZI).
.\Objects\Project.sct(79): warning: L6314W: No section matches pattern sha1_1.o(RW).
.\Objects\Project.sct(80): warning: L6314W: No section matches pattern srv_resolver.o(ZI).
.\Objects\Project.sct(80): warning: L6314W: No section matches pattern srv_resolver.o(RW).
.\Objects\Project.sct(81): warning: L6314W: No section matches pattern string_1.o(ZI).
.\Objects\Project.sct(81): warning: L6314W: No section matches pattern string_1.o(RW).
.\Objects\Project.sct(82): warning: L6314W: No section matches pattern stun_simple.o(ZI).
.\Objects\Project.sct(82): warning: L6314W: No section matches pattern stun_simple.o(RW).
.\Objects\Project.sct(83): warning: L6314W: No section matches pattern stun_simple_client.o(ZI).
.\Objects\Project.sct(83): warning: L6314W: No section matches pattern stun_simple_client.o(RW).
.\Objects\Project.sct(84): warning: L6314W: No section matches pattern symbols_1.o(ZI).
.\Objects\Project.sct(84): warning: L6314W: No section matches pattern symbols_1.o(RW).
.\Objects\Project.sct(85): warning: L6314W: No section matches pattern xml.o(ZI).
.\Objects\Project.sct(85): warning: L6314W: No section matches pattern xml.o(RW).
.\Objects\Project.sct(86): warning: L6314W: No section matches pattern alaw_ulaw.o(ZI).
.\Objects\Project.sct(86): warning: L6314W: No section matches pattern alaw_ulaw.o(RW).
.\Objects\Project.sct(87): warning: L6314W: No section matches pattern alaw_ulaw_table.o(ZI).
.\Objects\Project.sct(87): warning: L6314W: No section matches pattern alaw_ulaw_table.o(RW).
.\Objects\Project.sct(89): warning: L6314W: No section matches pattern avi_player.o(ZI).
.\Objects\Project.sct(89): warning: L6314W: No section matches pattern avi_player.o(RW).
.\Objects\Project.sct(90): warning: L6314W: No section matches pattern bidirectional.o(ZI).
.\Objects\Project.sct(90): warning: L6314W: No section matches pattern bidirectional.o(RW).
.\Objects\Project.sct(91): warning: L6314W: No section matches pattern clock_thread.o(ZI).
.\Objects\Project.sct(91): warning: L6314W: No section matches pattern clock_thread.o(RW).
.\Objects\Project.sct(92): warning: L6314W: No section matches pattern codec.o(ZI).
.\Objects\Project.sct(92): warning: L6314W: No section matches pattern codec.o(RW).
.\Objects\Project.sct(93): warning: L6314W: No section matches pattern conf_switch.o(ZI).
.\Objects\Project.sct(93): warning: L6314W: No section matches pattern conf_switch.o(RW).
.\Objects\Project.sct(94): warning: L6314W: No section matches pattern conference.o(ZI).
.\Objects\Project.sct(94): warning: L6314W: No section matches pattern conference.o(RW).
.\Objects\Project.sct(95): warning: L6329W: Pattern converter.o(ZI) only matches removed unused sections.
.\Objects\Project.sct(95): warning: L6314W: No section matches pattern converter.o(RW).
.\Objects\Project.sct(96): warning: L6314W: No section matches pattern converter_libswscale.o(ZI).
.\Objects\Project.sct(96): warning: L6314W: No section matches pattern converter_libswscale.o(RW).
.\Objects\Project.sct(97): warning: L6314W: No section matches pattern converter_libyuv.o(ZI).
.\Objects\Project.sct(97): warning: L6314W: No section matches pattern converter_libyuv.o(RW).
.\Objects\Project.sct(98): warning: L6314W: No section matches pattern delaybuf.o(ZI).
.\Objects\Project.sct(98): warning: L6314W: No section matches pattern delaybuf.o(RW).
.\Objects\Project.sct(99): warning: L6314W: No section matches pattern dummy.o(ZI).
.\Objects\Project.sct(99): warning: L6314W: No section matches pattern dummy.o(RW).
.\Objects\Project.sct(101): warning: L6314W: No section matches pattern echo_port.o(ZI).
.\Objects\Project.sct(101): warning: L6314W: No section matches pattern echo_port.o(RW).
.\Objects\Project.sct(102): warning: L6314W: No section matches pattern echo_suppress.o(ZI).
.\Objects\Project.sct(102): warning: L6314W: No section matches pattern echo_suppress.o(RW).
.\Objects\Project.sct(103): warning: L6314W: No section matches pattern echo_webrtc.o(ZI).
.\Objects\Project.sct(103): warning: L6314W: No section matches pattern echo_webrtc.o(RW).
.\Objects\Project.sct(105): warning: L6314W: No section matches pattern errno_2.o(ZI).
.\Objects\Project.sct(105): warning: L6314W: No section matches pattern errno_2.o(RW).
.\Objects\Project.sct(107): warning: L6314W: No section matches pattern ffmpeg_util.o(ZI).
.\Objects\Project.sct(107): warning: L6314W: No section matches pattern ffmpeg_util.o(RW).
.\Objects\Project.sct(108): warning: L6314W: No section matches pattern format.o(ZI).
.\Objects\Project.sct(108): warning: L6314W: No section matches pattern format.o(RW).
.\Objects\Project.sct(110): warning: L6314W: No section matches pattern jbuf.o(ZI).
.\Objects\Project.sct(110): warning: L6314W: No section matches pattern jbuf.o(RW).
.\Objects\Project.sct(111): warning: L6314W: No section matches pattern master_port.o(ZI).
.\Objects\Project.sct(111): warning: L6314W: No section matches pattern master_port.o(RW).
.\Objects\Project.sct(112): warning: L6314W: No section matches pattern mem_capture.o(ZI).
.\Objects\Project.sct(112): warning: L6314W: No section matches pattern mem_capture.o(RW).
.\Objects\Project.sct(113): warning: L6314W: No section matches pattern mem_player.o(ZI).
.\Objects\Project.sct(113): warning: L6314W: No section matches pattern mem_player.o(RW).
.\Objects\Project.sct(114): warning: L6314W: No section matches pattern null_port.o(ZI).
.\Objects\Project.sct(114): warning: L6314W: No section matches pattern null_port.o(RW).
.\Objects\Project.sct(116): warning: L6314W: No section matches pattern port_1.o(ZI).
.\Objects\Project.sct(116): warning: L6314W: No section matches pattern port_1.o(RW).
.\Objects\Project.sct(117): warning: L6329W: Pattern resample_libsamplerate.o(ZI) only matches removed unused sections.
.\Objects\Project.sct(117): warning: L6314W: No section matches pattern resample_libsamplerate.o(RW).
.\Objects\Project.sct(118): warning: L6314W: No section matches pattern resample_port.o(ZI).
.\Objects\Project.sct(118): warning: L6314W: No section matches pattern resample_port.o(RW).
.\Objects\Project.sct(119): warning: L6329W: Pattern resample_speex.o(ZI) only matches removed unused sections.
.\Objects\Project.sct(119): warning: L6314W: No section matches pattern resample_speex.o(RW).
.\Objects\Project.sct(120): warning: L6314W: No section matches pattern rtcp.o(ZI).
.\Objects\Project.sct(120): warning: L6314W: No section matches pattern rtcp.o(RW).
.\Objects\Project.sct(122): warning: L6314W: No section matches pattern rtcp_xr.o(ZI).
.\Objects\Project.sct(122): warning: L6314W: No section matches pattern rtcp_xr.o(RW).
.\Objects\Project.sct(123): warning: L6314W: No section matches pattern rtp.o(ZI).
.\Objects\Project.sct(123): warning: L6314W: No section matches pattern rtp.o(RW).
.\Objects\Project.sct(125): warning: L6314W: No section matches pattern sdp_cmp.o(ZI).
.\Objects\Project.sct(125): warning: L6314W: No section matches pattern sdp_cmp.o(RW).
.\Objects\Project.sct(127): warning: L6314W: No section matches pattern session.o(ZI).
.\Objects\Project.sct(127): warning: L6314W: No section matches pattern session.o(RW).
.\Objects\Project.sct(128): warning: L6314W: No section matches pattern silencedet.o(ZI).
.\Objects\Project.sct(128): warning: L6314W: No section matches pattern silencedet.o(RW).
.\Objects\Project.sct(129): warning: L6329W: Pattern sound_legacy.o(ZI) only matches removed unused sections.
.\Objects\Project.sct(129): warning: L6314W: No section matches pattern sound_legacy.o(RW).
.\Objects\Project.sct(130): warning: L6314W: No section matches pattern sound_port.o(ZI).
.\Objects\Project.sct(130): warning: L6314W: No section matches pattern sound_port.o(RW).
.\Objects\Project.sct(131): warning: L6314W: No section matches pattern splitcomb.o(ZI).
.\Objects\Project.sct(131): warning: L6314W: No section matches pattern splitcomb.o(RW).
.\Objects\Project.sct(132): warning: L6314W: No section matches pattern stereo_port.o(ZI).
.\Objects\Project.sct(132): warning: L6314W: No section matches pattern stereo_port.o(RW).
.\Objects\Project.sct(134): warning: L6314W: No section matches pattern stream_common.o(ZI).
.\Objects\Project.sct(134): warning: L6314W: No section matches pattern stream_common.o(RW).
.\Objects\Project.sct(135): warning: L6314W: No section matches pattern stream_info.o(ZI).
.\Objects\Project.sct(135): warning: L6314W: No section matches pattern stream_info.o(RW).
.\Objects\Project.sct(136): warning: L6314W: No section matches pattern tonegen.o(ZI).
.\Objects\Project.sct(136): warning: L6329W: Pattern tonegen.o(RW) only matches removed unused sections.
.\Objects\Project.sct(137): warning: L6314W: No section matches pattern transport_adapter_sample.o(ZI).
.\Objects\Project.sct(137): warning: L6329W: Pattern transport_adapter_sample.o(RW) only matches removed unused sections.
.\Objects\Project.sct(141): warning: L6314W: No section matches pattern types_1.o(ZI).
.\Objects\Project.sct(141): warning: L6314W: No section matches pattern types_1.o(RW).
.\Objects\Project.sct(142): warning: L6314W: No section matches pattern wav_player.o(ZI).
.\Objects\Project.sct(142): warning: L6314W: No section matches pattern wav_player.o(RW).
.\Objects\Project.sct(143): warning: L6314W: No section matches pattern wav_playlist.o(ZI).
.\Objects\Project.sct(143): warning: L6314W: No section matches pattern wav_playlist.o(RW).
.\Objects\Project.sct(144): warning: L6314W: No section matches pattern wav_writer.o(ZI).
.\Objects\Project.sct(144): warning: L6314W: No section matches pattern wav_writer.o(RW).
.\Objects\Project.sct(145): warning: L6314W: No section matches pattern wave.o(ZI).
.\Objects\Project.sct(145): warning: L6314W: No section matches pattern wave.o(RW).
.\Objects\Project.sct(146): warning: L6314W: No section matches pattern wsola.o(ZI).
.\Objects\Project.sct(146): warning: L6314W: No section matches pattern wsola.o(RW).
.\Objects\Project.sct(147): warning: L6314W: No section matches pattern echo_speex.o(ZI).
.\Objects\Project.sct(147): warning: L6314W: No section matches pattern echo_speex.o(RW).
.\Objects\Project.sct(148): warning: L6314W: No section matches pattern resample_resample.o(ZI).
.\Objects\Project.sct(148): warning: L6314W: No section matches pattern resample_resample.o(RW).
.\Objects\Project.sct(149): warning: L6314W: No section matches pattern audiodev_1.o(ZI).
.\Objects\Project.sct(149): warning: L6314W: No section matches pattern audiodev_1.o(RW).
.\Objects\Project.sct(150): warning: L6314W: No section matches pattern audiotest.o(ZI).
.\Objects\Project.sct(150): warning: L6314W: No section matches pattern audiotest.o(RW).
.\Objects\Project.sct(151): warning: L6314W: No section matches pattern errno_3.o(ZI).
.\Objects\Project.sct(151): warning: L6314W: No section matches pattern errno_3.o(RW).
.\Objects\Project.sct(152): warning: L6314W: No section matches pattern null_dev.o(ZI).
.\Objects\Project.sct(152): warning: L6314W: No section matches pattern null_dev.o(RW).
.\Objects\Project.sct(154): warning: L6314W: No section matches pattern amr_sdp_match.o(ZI).
.\Objects\Project.sct(154): warning: L6314W: No section matches pattern amr_sdp_match.o(RW).
.\Objects\Project.sct(155): warning: L6314W: No section matches pattern audio_codecs.o(ZI).
.\Objects\Project.sct(155): warning: L6314W: No section matches pattern audio_codecs.o(RW).
.\Objects\Project.sct(156): warning: L6314W: No section matches pattern bcg729.o(ZI).
.\Objects\Project.sct(156): warning: L6314W: No section matches pattern bcg729.o(RW).
.\Objects\Project.sct(157): warning: L6314W: No section matches pattern g722.o(ZI).
.\Objects\Project.sct(157): warning: L6314W: No section matches pattern g722.o(RW).
.\Objects\Project.sct(158): warning: L6314W: No section matches pattern g7221.o(ZI).
.\Objects\Project.sct(158): warning: L6314W: No section matches pattern g7221.o(RW).
.\Objects\Project.sct(159): warning: L6314W: No section matches pattern g7221_sdp_match.o(ZI).
.\Objects\Project.sct(159): warning: L6314W: No section matches pattern g7221_sdp_match.o(RW).
.\Objects\Project.sct(160): warning: L6314W: No section matches pattern gsm.o(ZI).
.\Objects\Project.sct(160): warning: L6314W: No section matches pattern gsm.o(RW).
.\Objects\Project.sct(161): warning: L6314W: No section matches pattern ilbc.o(ZI).
.\Objects\Project.sct(161): warning: L6314W: No section matches pattern ilbc.o(RW).
.\Objects\Project.sct(162): warning: L6314W: No section matches pattern l16.o(ZI).
.\Objects\Project.sct(162): warning: L6314W: No section matches pattern l16.o(RW).
.\Objects\Project.sct(163): warning: L6314W: No section matches pattern opencore_amr.o(ZI).
.\Objects\Project.sct(163): warning: L6314W: No section matches pattern opencore_amr.o(RW).
.\Objects\Project.sct(164): warning: L6314W: No section matches pattern opus.o(ZI).
.\Objects\Project.sct(164): warning: L6314W: No section matches pattern opus.o(RW).
.\Objects\Project.sct(165): warning: L6314W: No section matches pattern passthrough.o(ZI).
.\Objects\Project.sct(165): warning: L6314W: No section matches pattern passthrough.o(RW).
.\Objects\Project.sct(166): warning: L6314W: No section matches pattern silk.o(ZI).
.\Objects\Project.sct(166): warning: L6314W: No section matches pattern silk.o(RW).
.\Objects\Project.sct(167): warning: L6314W: No section matches pattern speex_codec.o(ZI).
.\Objects\Project.sct(167): warning: L6314W: No section matches pattern speex_codec.o(RW).
.\Objects\Project.sct(168): warning: L6314W: No section matches pattern vpx.o(ZI).
.\Objects\Project.sct(168): warning: L6314W: No section matches pattern vpx.o(RW).
.\Objects\Project.sct(169): warning: L6314W: No section matches pattern vpx_packetizer.o(ZI).
.\Objects\Project.sct(169): warning: L6314W: No section matches pattern vpx_packetizer.o(RW).
.\Objects\Project.sct(170): warning: L6314W: No section matches pattern g722_dec.o(ZI).
.\Objects\Project.sct(170): warning: L6314W: No section matches pattern g722_dec.o(RW).
.\Objects\Project.sct(171): warning: L6314W: No section matches pattern g722_enc.o(ZI).
.\Objects\Project.sct(171): warning: L6314W: No section matches pattern g722_enc.o(RW).
.\Objects\Project.sct(172): warning: L6314W: No section matches pattern errno_4.o(ZI).
.\Objects\Project.sct(172): warning: L6314W: No section matches pattern errno_4.o(RW).
.\Objects\Project.sct(175): warning: L6314W: No section matches pattern nat_detect.o(ZI).
.\Objects\Project.sct(175): warning: L6314W: No section matches pattern nat_detect.o(RW).
.\Objects\Project.sct(176): warning: L6314W: No section matches pattern stun_auth.o(ZI).
.\Objects\Project.sct(176): warning: L6314W: No section matches pattern stun_auth.o(RW).
.\Objects\Project.sct(178): warning: L6314W: No section matches pattern stun_msg_dump.o(ZI).
.\Objects\Project.sct(178): warning: L6314W: No section matches pattern stun_msg_dump.o(RW).
.\Objects\Project.sct(180): warning: L6314W: No section matches pattern stun_sock.o(ZI).
.\Objects\Project.sct(180): warning: L6314W: No section matches pattern stun_sock.o(RW).
.\Objects\Project.sct(181): warning: L6314W: No section matches pattern stun_transaction.o(ZI).
.\Objects\Project.sct(181): warning: L6314W: No section matches pattern stun_transaction.o(RW).
.\Objects\Project.sct(182): warning: L6314W: No section matches pattern turn_session.o(ZI).
.\Objects\Project.sct(182): warning: L6314W: No section matches pattern turn_session.o(RW).
.\Objects\Project.sct(183): warning: L6314W: No section matches pattern turn_sock.o(ZI).
.\Objects\Project.sct(183): warning: L6314W: No section matches pattern turn_sock.o(RW).
.\Objects\Project.sct(184): warning: L6314W: No section matches pattern allocation.o(ZI).
.\Objects\Project.sct(184): warning: L6314W: No section matches pattern allocation.o(RW).
.\Objects\Project.sct(185): warning: L6329W: Pattern auth.o(ZI) only matches removed unused sections.
.\Objects\Project.sct(185): warning: L6329W: Pattern auth.o(RW) only matches removed unused sections.
.\Objects\Project.sct(186): warning: L6314W: No section matches pattern listener_tcp.o(ZI).
.\Objects\Project.sct(186): warning: L6314W: No section matches pattern listener_tcp.o(RW).
.\Objects\Project.sct(187): warning: L6314W: No section matches pattern listener_udp.o(ZI).
.\Objects\Project.sct(187): warning: L6314W: No section matches pattern listener_udp.o(RW).
.\Objects\Project.sct(188): warning: L6314W: No section matches pattern server.o(ZI).
.\Objects\Project.sct(188): warning: L6314W: No section matches pattern server.o(RW).
.\Objects\Project.sct(189): warning: L6314W: No section matches pattern sip_auth_aka.o(ZI).
.\Objects\Project.sct(189): warning: L6314W: No section matches pattern sip_auth_aka.o(RW).
.\Objects\Project.sct(190): warning: L6314W: No section matches pattern sip_auth_client.o(ZI).
.\Objects\Project.sct(190): warning: L6314W: No section matches pattern sip_auth_client.o(RW).
.\Objects\Project.sct(192): warning: L6314W: No section matches pattern sip_auth_parser.o(ZI).
.\Objects\Project.sct(192): warning: L6314W: No section matches pattern sip_auth_parser.o(RW).
.\Objects\Project.sct(193): warning: L6314W: No section matches pattern sip_auth_server.o(ZI).
.\Objects\Project.sct(193): warning: L6314W: No section matches pattern sip_auth_server.o(RW).
.\Objects\Project.sct(196): warning: L6314W: No section matches pattern sip_endpoint.o(ZI).
.\Objects\Project.sct(196): warning: L6314W: No section matches pattern sip_endpoint.o(RW).
.\Objects\Project.sct(197): warning: L6314W: No section matches pattern sip_errno.o(ZI).
.\Objects\Project.sct(197): warning: L6314W: No section matches pattern sip_errno.o(RW).
.\Objects\Project.sct(199): warning: L6314W: No section matches pattern sip_multipart.o(ZI).
.\Objects\Project.sct(199): warning: L6329W: Pattern sip_multipart.o(RW) only matches removed unused sections.
.\Objects\Project.sct(201): warning: L6314W: No section matches pattern sip_resolve.o(ZI).
.\Objects\Project.sct(201): warning: L6314W: No section matches pattern sip_resolve.o(RW).
.\Objects\Project.sct(205): warning: L6314W: No section matches pattern sip_transport_loop.o(ZI).
.\Objects\Project.sct(205): warning: L6314W: No section matches pattern sip_transport_loop.o(RW).
.\Objects\Project.sct(206): warning: L6314W: No section matches pattern sip_transport_tcp.o(ZI).
.\Objects\Project.sct(206): warning: L6314W: No section matches pattern sip_transport_tcp.o(RW).
.\Objects\Project.sct(207): warning: L6314W: No section matches pattern sip_transport_tls.o(ZI).
.\Objects\Project.sct(207): warning: L6314W: No section matches pattern sip_transport_tls.o(RW).
.\Objects\Project.sct(208): warning: L6314W: No section matches pattern sip_transport_udp.o(ZI).
.\Objects\Project.sct(208): warning: L6314W: No section matches pattern sip_transport_udp.o(RW).
.\Objects\Project.sct(211): warning: L6314W: No section matches pattern sip_util.o(ZI).
.\Objects\Project.sct(211): warning: L6314W: No section matches pattern sip_util.o(RW).
.\Objects\Project.sct(212): warning: L6314W: No section matches pattern sip_util_proxy.o(ZI).
.\Objects\Project.sct(212): warning: L6314W: No section matches pattern sip_util_proxy.o(RW).
.\Objects\Project.sct(214): warning: L6314W: No section matches pattern errno_5.o(ZI).
.\Objects\Project.sct(214): warning: L6314W: No section matches pattern errno_5.o(RW).
.\Objects\Project.sct(217): warning: L6314W: No section matches pattern iscomposing.o(ZI).
.\Objects\Project.sct(217): warning: L6314W: No section matches pattern iscomposing.o(RW).
.\Objects\Project.sct(221): warning: L6314W: No section matches pattern presence_body.o(ZI).
.\Objects\Project.sct(221): warning: L6314W: No section matches pattern presence_body.o(RW).
.\Objects\Project.sct(222): warning: L6314W: No section matches pattern publishc.o(ZI).
.\Objects\Project.sct(222): warning: L6314W: No section matches pattern publishc.o(RW).
.\Objects\Project.sct(223): warning: L6314W: No section matches pattern rpid.o(ZI).
.\Objects\Project.sct(223): warning: L6314W: No section matches pattern rpid.o(RW).
.\Objects\Project.sct(227): warning: L6314W: No section matches pattern sip_reg.o(ZI).
.\Objects\Project.sct(227): warning: L6314W: No section matches pattern sip_reg.o(RW).
.\Objects\Project.sct(231): warning: L6314W: No section matches pattern pjsua_acc.o(ZI).
.\Objects\Project.sct(231): warning: L6314W: No section matches pattern pjsua_acc.o(RW).
.\Objects\Project.sct(233): warning: L6314W: No section matches pattern pjsua_call.o(ZI).
.\Objects\Project.sct(233): warning: L6314W: No section matches pattern pjsua_call.o(RW).
.\Objects\Project.sct(235): warning: L6314W: No section matches pattern pjsua_dump.o(ZI).
.\Objects\Project.sct(235): warning: L6314W: No section matches pattern pjsua_dump.o(RW).
.\Objects\Project.sct(237): warning: L6314W: No section matches pattern pjsua_media.o(ZI).
.\Objects\Project.sct(237): warning: L6314W: No section matches pattern pjsua_media.o(RW).
.\Objects\Project.sct(239): warning: L6314W: No section matches pattern pjsua_vid.o(ZI).
.\Objects\Project.sct(239): warning: L6314W: No section matches pattern pjsua_vid.o(RW).
.\Objects\Project.sct(240): warning: L6314W: No section matches pattern dct4_a.o(ZI).
.\Objects\Project.sct(240): warning: L6329W: Pattern dct4_a.o(RW) only matches removed unused sections.
.\Objects\Project.sct(241): warning: L6314W: No section matches pattern encoder.o(ZI).
.\Objects\Project.sct(241): warning: L6314W: No section matches pattern encoder.o(RW).
.\Objects\Project.sct(242): warning: L6314W: No section matches pattern sam2coef.o(ZI).
.\Objects\Project.sct(242): warning: L6314W: No section matches pattern sam2coef.o(RW).
.\Objects\Project.sct(243): warning: L6314W: No section matches pattern coef2sam.o(ZI).
.\Objects\Project.sct(243): warning: L6314W: No section matches pattern coef2sam.o(RW).
.\Objects\Project.sct(244): warning: L6314W: No section matches pattern dct4_s.o(ZI).
.\Objects\Project.sct(244): warning: L6329W: Pattern dct4_s.o(RW) only matches removed unused sections.
.\Objects\Project.sct(245): warning: L6314W: No section matches pattern decoder.o(ZI).
.\Objects\Project.sct(245): warning: L6314W: No section matches pattern decoder.o(RW).
.\Objects\Project.sct(246): warning: L6314W: No section matches pattern basic_op.o(ZI).
.\Objects\Project.sct(246): warning: L6314W: No section matches pattern basic_op.o(RW).
.\Objects\Project.sct(247): warning: L6314W: No section matches pattern common.o(ZI).
.\Objects\Project.sct(247): warning: L6314W: No section matches pattern common.o(RW).
.\Objects\Project.sct(248): warning: L6314W: No section matches pattern huff_tab.o(ZI).
.\Objects\Project.sct(248): warning: L6329W: Pattern huff_tab.o(RW) only matches removed unused sections.
.\Objects\Project.sct(249): warning: L6314W: No section matches pattern tables.o(ZI).
.\Objects\Project.sct(249): warning: L6329W: Pattern tables.o(RW) only matches removed unused sections.
.\Objects\Project.sct(250): warning: L6314W: No section matches pattern bits.o(RW).
.\Objects\Project.sct(251): warning: L6314W: No section matches pattern buffer.o(RW).
.\Objects\Project.sct(252): warning: L6314W: No section matches pattern cb_search.o(RW).
.\Objects\Project.sct(253): warning: L6314W: No section matches pattern exc_10_32_table.o(RW).
.\Objects\Project.sct(254): warning: L6314W: No section matches pattern fftwrap.o(RW).
.\Objects\Project.sct(255): warning: L6314W: No section matches pattern filterbank.o(RW).
.\Objects\Project.sct(256): warning: L6314W: No section matches pattern filters.o(RW).
.\Objects\Project.sct(257): warning: L6314W: No section matches pattern gain_table.o(RW).
.\Objects\Project.sct(258): warning: L6314W: No section matches pattern gain_table_lbr.o(RW).
.\Objects\Project.sct(259): warning: L6314W: No section matches pattern hexc_10_32_table.o(RW).
.\Objects\Project.sct(260): warning: L6314W: No section matches pattern hexc_table.o(RW).
.\Objects\Project.sct(261): warning: L6314W: No section matches pattern high_lsp_tables.o(RW).
.\Objects\Project.sct(262): warning: L6314W: No section matches pattern jitter.o(RW).
.\Objects\Project.sct(263): warning: L6314W: No section matches pattern kiss_fft.o(RW).
.\Objects\Project.sct(264): warning: L6314W: No section matches pattern kiss_fftr.o(RW).
.\Objects\Project.sct(265): warning: L6314W: No section matches pattern lpc.o(RW).
.\Objects\Project.sct(266): warning: L6314W: No section matches pattern lsp.o(RW).
.\Objects\Project.sct(267): warning: L6314W: No section matches pattern lsp_tables_nb.o(RW).
.\Objects\Project.sct(268): warning: L6314W: No section matches pattern ltp.o(RW).
.\Objects\Project.sct(269): warning: L6314W: No section matches pattern mdf.o(RW).
.\Objects\Project.sct(270): warning: L6314W: No section matches pattern modes.o(RW).
.\Objects\Project.sct(271): warning: L6314W: No section matches pattern modes_wb.o(RW).
.\Objects\Project.sct(272): warning: L6314W: No section matches pattern nb_celp.o(RW).
.\Objects\Project.sct(273): warning: L6314W: No section matches pattern preprocess.o(RW).
.\Objects\Project.sct(274): warning: L6314W: No section matches pattern quant_lsp.o(RW).
.\Objects\Project.sct(275): warning: L6314W: No section matches pattern resample.o(RW).
.\Objects\Project.sct(276): warning: L6314W: No section matches pattern sb_celp.o(RW).
.\Objects\Project.sct(277): warning: L6314W: No section matches pattern scal.o(RW).
.\Objects\Project.sct(278): warning: L6314W: No section matches pattern smallft.o(RW).
.\Objects\Project.sct(279): warning: L6314W: No section matches pattern speex.o(RW).
.\Objects\Project.sct(280): warning: L6314W: No section matches pattern speex_callbacks.o(RW).
.\Objects\Project.sct(281): warning: L6314W: No section matches pattern speex_header.o(RW).
.\Objects\Project.sct(282): warning: L6314W: No section matches pattern stereo.o(RW).
.\Objects\Project.sct(283): warning: L6314W: No section matches pattern vbr.o(RW).
.\Objects\Project.sct(284): warning: L6314W: No section matches pattern vorbis_psy.o(RW).
.\Objects\Project.sct(285): warning: L6314W: No section matches pattern vq.o(RW).
.\Objects\Project.sct(286): warning: L6314W: No section matches pattern window.o(RW).
.\Objects\Project.sct(287): warning: L6314W: No section matches pattern exc_5_64_table.o(RW).
.\Objects\Project.sct(288): warning: L6314W: No section matches pattern exc_5_256_table.o(RW).
.\Objects\Project.sct(289): warning: L6314W: No section matches pattern exc_8_128_table.o(RW).
.\Objects\Project.sct(290): warning: L6314W: No section matches pattern exc_10_16_table.o(RW).
.\Objects\Project.sct(291): warning: L6314W: No section matches pattern exc_20_32_table.o(RW).
Program Size: Code=691584 RO-data=155316 RW-data=3432 ZI-data=188256  
Finished: 0 information, 392 warning and 0 error messages.
FromELF: creating hex file...
".\Objects\Project.axf" - 0 Error(s), 418 Warning(s).

<h2>Software Packages used:</h2>

Package Vendor: Keil
                https://www.keil.com/pack/Keil.ARM_Compiler.1.7.2.pack
                Keil.ARM_Compiler.1.7.2
                Keil ARM Compiler extensions for ARM Compiler 5 and ARM Compiler 6
   * Component: Event Recorder Variant: DAP Version: 1.5.1
   * Component: STDOUT Variant: EVR Version: 1.2.0

Package Vendor: Keil
                http://www.keil.com/pack/Keil.STM32F4xx_DFP.2.15.0.pack
                Keil.STM32F4xx_DFP.2.15.0
                STMicroelectronics STM32F4 Series Device Support, Drivers and Examples

<h2>Collection of Component include folders:</h2>
  ./RTE/Compiler
  ./RTE/_WorkStation
  C:/Users/wangs/AppData/Local/Arm/Packs/Keil/ARM_Compiler/1.7.2/Include
  C:/Users/wangs/AppData/Local/Arm/Packs/Keil/STM32F4xx_DFP/2.15.0/Drivers/CMSIS/Device/ST/STM32F4xx/Include

<h2>Collection of Component Files used:</h2>

   * Component: Keil.ARM Compiler::Compiler:Event Recorder:DAP:1.5.1
      Source file:   Source/EventRecorder.c
      Include file:  Config/EventRecorderConf.h
      Include file:  Include/EventRecorder.h

   * Component: Keil.ARM Compiler::Compiler:I/O:STDOUT:EVR:1.2.0
      Source file:   Source/retarget_io.c
Build Time Elapsed:  00:02:09
</pre>
</body>
</html>
